
> cho-hama@1.0.0 build
> astro check && astro build

02:42:50 [types] Generated 542ms
02:42:50 [check] Getting diagnostics for Astro files in C:\Users\sasis\344dev\cho-hama...
[96msrc/components/BaseHead.astro[0m:[93m2[0m:[93m1[0m - [93mwarning[0m[90m ts(6133): [0m'ViewTransitions' is declared but its value is never read.

[7m2[0m import { ViewTransitions } from "astro:transitions"
[7m [0m [93m~~~~~~~~~~~~~~~~~~~~~~~~~~~~~~~~~~~~~~~~~~~~~~~~~~~[0m

[96msrc/pages/projects/index.astro[0m:[93m8[0m:[93m1[0m - [93mwarning[0m[90m ts(6133): [0m'CollectionEntry' is declared but its value is never read.

[7m8[0m import type { CollectionEntry } from "astro:content";
[7m [0m [93m~~~~~~~~~~~~~~~~~~~~~~~~~~~~~~~~~~~~~~~~~~~~~~~~~~~~~[0m

Result (34 files): 
- 0 errors
- 0 warnings
- 2 hints

02:42:57 [types] Generated 509ms
02:42:57 [build] output: "static"
02:42:57 [build] directory: C:\Users\sasis\344dev\cho-hama\dist\
02:42:57 [build] Collecting build info...
02:42:57 [build] 笨・Completed in 594ms.
02:42:57 [build] Building static entrypoints...
node.exe : 02:43:00 [ERROR] [vi
te] [31mx[39m Build failed in
 2.31s
発生場所 C:\Program Files\nodejs\np
m.ps1:29 文字:3
+   & $NODE_EXE $NPM_CLI_JS $ar
gs
+   ~~~~~~~~~~~~~~~~~~~~~~~~~~~
~~
    + CategoryInfo          :  
   NotSpecified: (02:43:00 [E  
  RROR...failed in 2.31s:Str   
 ing) [], RemoteException
    + FullyQualifiedErrorId :  
   NativeCommandError
 
[@mdx-js/rollup] Unexpected cha
racter `!` (U+0021) before name
, expected a character that can
 start a name, such as a letter
, `$`, or `_` (note: to create 
a comment in MDX, use `{/* text
 */}`)
file: C:/Users/sasis/344dev/cho
-hama/src/content/blog/guide/ha
manako-anazuri-winter-complete-
guide/index.mdx:15:2
  Location:
    C:/Users/sasis/344dev/cho-h
ama/src/content/blog/guide/hama
nako-anazuri-winter-complete-gu
ide/index.mdx:15:2
  Stack trace:
    at Object.transform (file:/
//C:/Users/sasis/344dev/cho-ham
a/node_modules/@astrojs/mdx/dis
t/index.js:107:27)
    at async ModuleLoader.addMo
duleSource (file:///C:/Users/sa
sis/344dev/cho-hama/node_module
s/rollup/dist/es/shared/node-en
try.js:21474:36)
