22:36:49 [types] Generated 360ms
22:36:49 [check] Getting diagnostics for Astro files in C:\Users\sasis\344dev\cho-hama...
[96msrc/components/BaseHead.astro[0m:[93m2[0m:[93m1[0m - [93mwarning[0m[90m ts(6133): [0m'ViewTransitions' is declared but its value is never read.

[7m2[0m import { ViewTransitions } from "astro:transitions"
[7m [0m [93m~~~~~~~~~~~~~~~~~~~~~~~~~~~~~~~~~~~~~~~~~~~~~~~~~~~[0m

[96msrc/layouts/ArticleBottomLayout.astro[0m:[93m53[0m:[93m12[0m - [91merror[0m[90m ts(18046): [0m'next' is of type 'unknown'.

[7m53[0m           {next.data.title}
[7m  [0m [91m           ~~~~[0m
[96msrc/layouts/ArticleBottomLayout.astro[0m:[93m47[0m:[93m37[0m - [91merror[0m[90m ts(18046): [0m'next' is of type 'unknown'.

[7m47[0m     <a href={`/${next.collection}/${next.slug}`} class="group p-4 gap-3 flex items-center border rounded-lg hover:bg-black/5 hover:dark:bg-white/10 border-black/15 dark:border-white/20 transition-colors duration-300 ease-in-out">
[7m  [0m [91m                                    ~~~~[0m
[96msrc/layouts/ArticleBottomLayout.astro[0m:[93m47[0m:[93m18[0m - [91merror[0m[90m ts(18046): [0m'next' is of type 'unknown'.

[7m47[0m     <a href={`/${next.collection}/${next.slug}`} class="group p-4 gap-3 flex items-center border rounded-lg hover:bg-black/5 hover:dark:bg-white/10 border-black/15 dark:border-white/20 transition-colors duration-300 ease-in-out">
[7m  [0m [91m                 ~~~~[0m
[96msrc/layouts/ArticleBottomLayout.astro[0m:[93m39[0m:[93m12[0m - [91merror[0m[90m ts(18046): [0m'prev' is of type 'unknown'.

[7m39[0m           {prev.data.title}
[7m  [0m [91m           ~~~~[0m
[96msrc/layouts/ArticleBottomLayout.astro[0m:[93m31[0m:[93m37[0m - [91merror[0m[90m ts(18046): [0m'prev' is of type 'unknown'.

[7m31[0m     <a href={`/${prev.collection}/${prev.slug}`} class="group p-4 gap-3 flex items-center border rounded-lg hover:bg-black/5 hover:dark:bg-white/10 border-black/15 dark:border-white/20 blend">
[7m  [0m [91m                                    ~~~~[0m
[96msrc/layouts/ArticleBottomLayout.astro[0m:[93m31[0m:[93m18[0m - [91merror[0m[90m ts(18046): [0m'prev' is of type 'unknown'.

[7m31[0m     <a href={`/${prev.collection}/${prev.slug}`} class="group p-4 gap-3 flex items-center border rounded-lg hover:bg-black/5 hover:dark:bg-white/10 border-black/15 dark:border-white/20 blend">
[7m  [0m [91m                 ~~~~[0m
[96msrc/layouts/ArticleBottomLayout.astro[0m:[93m21[0m:[93m36[0m - [91merror[0m[90m ts(18046): [0m'x' is of type 'unknown'.

[7m21[0m const index = items.findIndex(x => x.slug === entry.slug)
[7m  [0m [91m                                   ~[0m
[96msrc/layouts/ArticleBottomLayout.astro[0m:[93m18[0m:[93m72[0m - [91merror[0m[90m ts(18046): [0m'b' is of type 'unknown'.

[7m18[0m     const bDate = b.collection === "blog" ? (b.data as any).pubDate : (b.data as any).date
[7m  [0m [91m                                                                       ~[0m
[96msrc/layouts/ArticleBottomLayout.astro[0m:[93m18[0m:[93m46[0m - [91merror[0m[90m ts(18046): [0m'b' is of type 'unknown'.

[7m18[0m     const bDate = b.collection === "blog" ? (b.data as any).pubDate : (b.data as any).date
[7m  [0m [91m                                             ~[0m
[96msrc/layouts/ArticleBottomLayout.astro[0m:[93m18[0m:[93m19[0m - [91merror[0m[90m ts(18046): [0m'b' is of type 'unknown'.

[7m18[0m     const bDate = b.collection === "blog" ? (b.data as any).pubDate : (b.data as any).date
[7m  [0m [91m                  ~[0m
[96msrc/layouts/ArticleBottomLayout.astro[0m:[93m17[0m:[93m72[0m - [91merror[0m[90m ts(18046): [0m'a' is of type 'unknown'.

[7m17[0m     const aDate = a.collection === "blog" ? (a.data as any).pubDate : (a.data as any).date
[7m  [0m [91m                                                                       ~[0m
[96msrc/layouts/ArticleBottomLayout.astro[0m:[93m17[0m:[93m46[0m - [91merror[0m[90m ts(18046): [0m'a' is of type 'unknown'.

[7m17[0m     const aDate = a.collection === "blog" ? (a.data as any).pubDate : (a.data as any).date
[7m  [0m [91m                                             ~[0m
[96msrc/layouts/ArticleBottomLayout.astro[0m:[93m17[0m:[93m19[0m - [91merror[0m[90m ts(18046): [0m'a' is of type 'unknown'.

[7m17[0m     const aDate = a.collection === "blog" ? (a.data as any).pubDate : (a.data as any).date
[7m  [0m [91m                  ~[0m
[96msrc/layouts/ArticleBottomLayout.astro[0m:[93m15[0m:[93m21[0m - [91merror[0m[90m ts(18046): [0m'post' is of type 'unknown'.

[7m15[0m   .filter(post => !(post.data as any).draft)
[7m  [0m [91m                    ~~~~[0m

[96msrc/pages/projects/index.astro[0m:[93m8[0m:[93m1[0m - [93mwarning[0m[90m ts(6133): [0m'CollectionEntry' is declared but its value is never read.

[7m8[0m import type { CollectionEntry } from "astro:content";
[7m [0m [93m~~~~~~~~~~~~~~~~~~~~~~~~~~~~~~~~~~~~~~~~~~~~~~~~~~~~~[0m

Result (33 files): 
- 14 errors
- 0 warnings
- 2 hints

